=== migration ===
Migration anvendt
migration_exit=0
=== compile ===
compile_exit=0
=== update ===
A-kasseindsigt: partial
AUA01 ok 2026M06 AUA01
AUP03 ok 2026M06 AUP03
AULK08 ok 2026M02 AULK08
jobDagpenge ok 2026M06 y01a02
jobDimittend ok 2026M06 y01dia02
jobDagpengeforbrug stale 2026M05 None
jobOverlevelse stale 2025Q02 None
jobStatusAfter stale 2025Q04 None
jobTalkForms ok 2026M05
jobAfterlon ok 2026M06
jobAfterlonContrib ok 2025Y01
jobLongTerm ok 2026M06
jobExhaustedRights ok 2026M05
jobSanctions ok 2026Q01
jobDagpengeforbrug ok 2026M05
jobOverlevelse ok 2025Q02
jobStatusAfter ok 2025Q04
DAK-navnestandard anvendt på 21 a-kasser
OK: A-kasseindsigt bestod datavalidering
update_exit=0
=== validate ===
OK: dashboard repository passed structural validation
validate_exit=0
